[augmentation-aware-check] device: cuda
[augmentation-aware-check] 10692 images total

=== PASS 1: dihedral-group-aware pHash ===
[dihedral-hash] 500/10692 (15.7 img/s, ETA 10.8 min)
[dihedral-hash] 1000/10692 (16.1 img/s, ETA 10.0 min)
[dihedral-hash] 1500/10692 (16.4 img/s, ETA 9.3 min)
[dihedral-hash] 2000/10692 (16.6 img/s, ETA 8.7 min)
[dihedral-hash] 2500/10692 (16.7 img/s, ETA 8.2 min)
[dihedral-hash] 3000/10692 (16.7 img/s, ETA 7.7 min)
[dihedral-hash] 3500/10692 (16.6 img/s, ETA 7.2 min)
[dihedral-hash] 4000/10692 (16.6 img/s, ETA 6.7 min)
[dihedral-hash] 4500/10692 (16.7 img/s, ETA 6.2 min)
[dihedral-hash] 5000/10692 (16.7 img/s, ETA 5.7 min)
[dihedral-hash] 5500/10692 (16.7 img/s, ETA 5.2 min)
[dihedral-hash] 6000/10692 (16.8 img/s, ETA 4.7 min)
[dihedral-hash] 6500/10692 (16.7 img/s, ETA 4.2 min)
[dihedral-hash] 7000/10692 (16.7 img/s, ETA 3.7 min)
[dihedral-hash] 7500/10692 (16.7 img/s, ETA 3.2 min)
[dihedral-hash] 8000/10692 (16.7 img/s, ETA 2.7 min)
[dihedral-hash] 8500/10692 (16.7 img/s, ETA 2.2 min)
[dihedral-hash] 9000/10692 (16.6 img/s, ETA 1.7 min)
[dihedral-hash] 9500/10692 (16.5 img/s, ETA 1.2 min)
[dihedral-hash] 10000/10692 (16.4 img/s, ETA 0.7 min)
[dihedral-hash] 10500/10692 (16.4 img/s, ETA 0.2 min)
[dihedral-match] scanned 300/10692 rows (13s elapsed)
[dihedral-match] scanned 600/10692 rows (27s elapsed)
[dihedral-match] scanned 900/10692 rows (38s elapsed)
[dihedral-match] scanned 1200/10692 rows (50s elapsed)
[dihedral-match] scanned 1500/10692 rows (60s elapsed)
[dihedral-match] scanned 1800/10692 rows (70s elapsed)
[dihedral-match] scanned 2100/10692 rows (79s elapsed)
[dihedral-match] scanned 2400/10692 rows (88s elapsed)
[dihedral-match] scanned 2700/10692 rows (97s elapsed)
[dihedral-match] scanned 3000/10692 rows (105s elapsed)
[dihedral-match] scanned 3300/10692 rows (113s elapsed)
[dihedral-match] scanned 3600/10692 rows (121s elapsed)
[dihedral-match] scanned 3900/10692 rows (129s elapsed)
[dihedral-match] scanned 4200/10692 rows (136s elapsed)
[dihedral-match] scanned 4500/10692 rows (142s elapsed)
[dihedral-match] scanned 4800/10692 rows (149s elapsed)
[dihedral-match] scanned 5100/10692 rows (155s elapsed)
[dihedral-match] scanned 5400/10692 rows (162s elapsed)
[dihedral-match] scanned 5700/10692 rows (168s elapsed)
[dihedral-match] scanned 6000/10692 rows (174s elapsed)
[dihedral-match] scanned 6300/10692 rows (179s elapsed)
[dihedral-match] scanned 6600/10692 rows (184s elapsed)
[dihedral-match] scanned 6900/10692 rows (189s elapsed)
[dihedral-match] scanned 7200/10692 rows (194s elapsed)
[dihedral-match] scanned 7500/10692 rows (198s elapsed)
[dihedral-match] scanned 7800/10692 rows (202s elapsed)
[dihedral-match] scanned 8100/10692 rows (206s elapsed)
[dihedral-match] scanned 8400/10692 rows (209s elapsed)
[dihedral-match] scanned 8700/10692 rows (212s elapsed)
[dihedral-match] scanned 9000/10692 rows (214s elapsed)
[dihedral-match] scanned 9300/10692 rows (216s elapsed)
[dihedral-match] scanned 9600/10692 rows (218s elapsed)
[dihedral-match] scanned 9900/10692 rows (219s elapsed)
[dihedral-match] scanned 10200/10692 rows (220s elapsed)
[dihedral-match] scanned 10500/10692 rows (221s elapsed)
[dihedral-match] scanned 10692/10692 rows (221s elapsed)
[pass 1] 38320 candidate pairs found
[pass 1] 9751 of those CROSS the train/val split (potential undetected leakage)
[pass 1] 1112 of those span DIFFERENT class labels (worth manual spot-check -- could be hashing false positives OR genuinely mislabeled/ambiguous cases)

=== PASS 2: CNN-embedding cosine similarity ===
[embed] 1024/10692 (41.0 img/s, ETA 3.9 min)
[embed] 2048/10692 (36.5 img/s, ETA 4.0 min)
[embed] 3008/10692 (36.3 img/s, ETA 3.5 min)
[embed] 4032/10692 (34.9 img/s, ETA 3.2 min)
[embed] 5056/10692 (34.2 img/s, ETA 2.7 min)
[embed] 6016/10692 (34.3 img/s, ETA 2.3 min)
[embed] 7040/10692 (33.3 img/s, ETA 1.8 min)
[embed] 8000/10692 (32.5 img/s, ETA 1.4 min)
[embed] 9024/10692 (31.9 img/s, ETA 0.9 min)
[embed] 10048/10692 (31.7 img/s, ETA 0.3 min)
[embed-match] scanned 500/10692 rows (0s elapsed)
[embed-match] scanned 1000/10692 rows (0s elapsed)
[embed-match] scanned 1500/10692 rows (0s elapsed)
[embed-match] scanned 2000/10692 rows (0s elapsed)
[embed-match] scanned 2500/10692 rows (0s elapsed)
[embed-match] scanned 3000/10692 rows (0s elapsed)
[embed-match] scanned 3500/10692 rows (0s elapsed)
[embed-match] scanned 4000/10692 rows (0s elapsed)
[embed-match] scanned 4500/10692 rows (0s elapsed)
[embed-match] scanned 5000/10692 rows (0s elapsed)
[embed-match] scanned 5500/10692 rows (0s elapsed)
[embed-match] scanned 6000/10692 rows (0s elapsed)
[embed-match] scanned 6500/10692 rows (0s elapsed)
[embed-match] scanned 7000/10692 rows (1s elapsed)
[embed-match] scanned 7500/10692 rows (1s elapsed)
[embed-match] scanned 8000/10692 rows (1s elapsed)
[embed-match] scanned 8500/10692 rows (1s elapsed)
[embed-match] scanned 9000/10692 rows (1s elapsed)
[embed-match] scanned 9500/10692 rows (1s elapsed)
[embed-match] scanned 10000/10692 rows (1s elapsed)
[embed-match] scanned 10500/10692 rows (1s elapsed)
[embed-match] scanned 10692/10692 rows (1s elapsed)
[pass 2] 30222 candidate pairs found (cosine >= 0.95)
[pass 2] 7295 of those CROSS the train/val split
[pass 2] 255 of those span DIFFERENT class labels

[augmentation-aware-check] wrote ./outputs/phase0/augmentation_aware_leakage_report.json and ./outputs/phase0/augmentation_aware_candidate_pairs.json
[augmentation-aware-check] THIS SCRIPT DID NOT MOVE ANY FILES. Review the candidate pairs before deciding whether/how to correct.
