[recluster] 10692 images total (train+val combined)
[hash] 1000/10692 (16.0 img/s, ETA 10.1 min)
[hash] 2000/10692 (15.3 img/s, ETA 9.5 min)
[hash] 3000/10692 (14.9 img/s, ETA 8.6 min)
[hash] 4000/10692 (13.3 img/s, ETA 8.4 min)
[hash] 5000/10692 (12.4 img/s, ETA 7.6 min)
[hash] 6000/10692 (12.1 img/s, ETA 6.5 min)
[hash] 7000/10692 (11.9 img/s, ETA 5.2 min)
[hash] 8000/10692 (11.8 img/s, ETA 3.8 min)
[hash] 9000/10692 (11.6 img/s, ETA 2.4 min)
[hash] 10000/10692 (11.5 img/s, ETA 1.0 min)
[recluster] cached hashes to ./outputs/phase0\dihedral_hashes_cache.npy for reuse if the threshold needs retuning again
[cluster] scanned 300/10692 rows (20s elapsed)
[cluster] scanned 600/10692 rows (38s elapsed)
[cluster] scanned 900/10692 rows (56s elapsed)
[cluster] scanned 1200/10692 rows (72s elapsed)
[cluster] scanned 1500/10692 rows (89s elapsed)
[cluster] scanned 1800/10692 rows (105s elapsed)
[cluster] scanned 2100/10692 rows (121s elapsed)
[cluster] scanned 2400/10692 rows (137s elapsed)
[cluster] scanned 2700/10692 rows (151s elapsed)
[cluster] scanned 3000/10692 rows (164s elapsed)
[cluster] scanned 3300/10692 rows (178s elapsed)
[cluster] scanned 3600/10692 rows (192s elapsed)
[cluster] scanned 3900/10692 rows (204s elapsed)
[cluster] scanned 4200/10692 rows (215s elapsed)
[cluster] scanned 4500/10692 rows (226s elapsed)
[cluster] scanned 4800/10692 rows (235s elapsed)
[cluster] scanned 5100/10692 rows (245s elapsed)
[cluster] scanned 5400/10692 rows (255s elapsed)
[cluster] scanned 5700/10692 rows (263s elapsed)
[cluster] scanned 6000/10692 rows (272s elapsed)
[cluster] scanned 6300/10692 rows (280s elapsed)
[cluster] scanned 6600/10692 rows (287s elapsed)
[cluster] scanned 6900/10692 rows (295s elapsed)
[cluster] scanned 7200/10692 rows (301s elapsed)
[cluster] scanned 7500/10692 rows (307s elapsed)
[cluster] scanned 7800/10692 rows (312s elapsed)
[cluster] scanned 8100/10692 rows (317s elapsed)
[cluster] scanned 8400/10692 rows (322s elapsed)
[cluster] scanned 8700/10692 rows (326s elapsed)
[cluster] scanned 9000/10692 rows (329s elapsed)
[cluster] scanned 9300/10692 rows (332s elapsed)
[cluster] scanned 9600/10692 rows (334s elapsed)
[cluster] scanned 9900/10692 rows (336s elapsed)
[cluster] scanned 10200/10692 rows (337s elapsed)
[cluster] scanned 10500/10692 rows (338s elapsed)
[cluster] scanned 10692/10692 rows (338s elapsed)

[recluster] 10692 raw images -> 1570 raw connected components at THRESH=4
[recluster] 10692 raw images -> 1570 dihedral-aware near-duplicate clusters after the chaining backstop (TRUE effective sample size)
[recluster] cluster size distribution: max=24, median=6, singletons=1
[recluster] 4 (post-veto) clusters still contain more than one class label (written to report for manual review)

[recluster] wrote:
  ./outputs/phase0/dihedral_cluster_manifest.json  (upload this to Kaggle alongside the image data)
  ./outputs/phase0/dihedral_recluster_report.json
  ./outputs/phase0/dihedral_mixed_class_clusters.json  (manual review needed)
[recluster] THIS SCRIPT DID NOT MOVE ANY FILES -- the manifest is consumed by uidatagb_full_retrain.py's splitting logic instead of physically reorganising the local training/validation folders.
