[recluster] 10692 images total (train+val combined)
[hash] 1000/10692 (12.8 img/s, ETA 12.6 min)
[hash] 2000/10692 (13.5 img/s, ETA 10.8 min)
[hash] 3000/10692 (13.8 img/s, ETA 9.3 min)
[hash] 4000/10692 (14.1 img/s, ETA 7.9 min)
[hash] 5000/10692 (13.9 img/s, ETA 6.8 min)
[hash] 6000/10692 (13.9 img/s, ETA 5.6 min)
[hash] 7000/10692 (13.8 img/s, ETA 4.4 min)
[hash] 8000/10692 (13.8 img/s, ETA 3.2 min)
[hash] 9000/10692 (13.8 img/s, ETA 2.0 min)
[hash] 10000/10692 (13.7 img/s, ETA 0.8 min)
[cluster] scanned 300/10692 rows (14s elapsed)
[cluster] scanned 600/10692 rows (31s elapsed)
[cluster] scanned 900/10692 rows (42s elapsed)
[cluster] scanned 1200/10692 rows (52s elapsed)
[cluster] scanned 1500/10692 rows (62s elapsed)
[cluster] scanned 1800/10692 rows (71s elapsed)
[cluster] scanned 2100/10692 rows (81s elapsed)
[cluster] scanned 2400/10692 rows (90s elapsed)
[cluster] scanned 2700/10692 rows (98s elapsed)
[cluster] scanned 3000/10692 rows (107s elapsed)
[cluster] scanned 3300/10692 rows (117s elapsed)
[cluster] scanned 3600/10692 rows (127s elapsed)
[cluster] scanned 3900/10692 rows (135s elapsed)
[cluster] scanned 4200/10692 rows (142s elapsed)
[cluster] scanned 4500/10692 rows (149s elapsed)
[cluster] scanned 4800/10692 rows (156s elapsed)
[cluster] scanned 5100/10692 rows (163s elapsed)
[cluster] scanned 5400/10692 rows (170s elapsed)
[cluster] scanned 5700/10692 rows (176s elapsed)
[cluster] scanned 6000/10692 rows (182s elapsed)
[cluster] scanned 6300/10692 rows (188s elapsed)
[cluster] scanned 6600/10692 rows (192s elapsed)
[cluster] scanned 6900/10692 rows (197s elapsed)
[cluster] scanned 7200/10692 rows (201s elapsed)
[cluster] scanned 7500/10692 rows (205s elapsed)
[cluster] scanned 7800/10692 rows (208s elapsed)
[cluster] scanned 8100/10692 rows (211s elapsed)
[cluster] scanned 8400/10692 rows (214s elapsed)
[cluster] scanned 8700/10692 rows (217s elapsed)
[cluster] scanned 9000/10692 rows (220s elapsed)
[cluster] scanned 9300/10692 rows (222s elapsed)
[cluster] scanned 9600/10692 rows (224s elapsed)
[cluster] scanned 9900/10692 rows (225s elapsed)
[cluster] scanned 10200/10692 rows (226s elapsed)
[cluster] scanned 10500/10692 rows (227s elapsed)
[cluster] scanned 10692/10692 rows (227s elapsed)

[recluster] 10692 raw images -> 1357 dihedral-aware near-duplicate clusters (TRUE effective sample size)
[recluster] cluster size distribution: max=498, median=6, singletons=0
[recluster] 34 clusters contain more than one class label (written to report for manual review)

[recluster] wrote:
  ./outputs/phase0/dihedral_cluster_manifest.json  (upload this to Kaggle alongside the image data)
  ./outputs/phase0/dihedral_recluster_report.json
  ./outputs/phase0/dihedral_mixed_class_clusters.json  (manual review needed)
[recluster] THIS SCRIPT DID NOT MOVE ANY FILES -- the manifest is consumed by uidatagb_full_retrain.py's splitting logic instead of physically reorganising the local training/validation folders.
