[12:08:42] run_stage2_pipeline.py started.
[12:08:42] Waiting for 4 checkpoint(s) from session_replicate_train.py...
[12:08:42]   still waiting on 4: ['primary.pt', 'replicate_1.pt', 'replicate_2.pt', 'replicate_3.pt']
[12:09:42]   still waiting on 4: ['primary.pt', 'replicate_1.pt', 'replicate_2.pt', 'replicate_3.pt']
[12:10:42]   still waiting on 4: ['primary.pt', 'replicate_1.pt', 'replicate_2.pt', 'replicate_3.pt']
[12:11:42]   still waiting on 4: ['primary.pt', 'replicate_1.pt', 'replicate_2.pt', 'replicate_3.pt']
[12:12:42]   still waiting on 4: ['primary.pt', 'replicate_1.pt', 'replicate_2.pt', 'replicate_3.pt']
[12:13:42]   still waiting on 4: ['primary.pt', 'replicate_1.pt', 'replicate_2.pt', 'replicate_3.pt']
[12:14:42]   still waiting on 4: ['primary.pt', 'replicate_1.pt', 'replicate_2.pt', 'replicate_3.pt']
[12:15:42]   still waiting on 4: ['primary.pt', 'replicate_1.pt', 'replicate_2.pt', 'replicate_3.pt']
[12:16:42]   still waiting on 4: ['primary.pt', 'replicate_1.pt', 'replicate_2.pt', 'replicate_3.pt']
[12:17:42]   still waiting on 4: ['primary.pt', 'replicate_1.pt', 'replicate_2.pt', 'replicate_3.pt']
[12:18:42]   still waiting on 4: ['primary.pt', 'replicate_1.pt', 'replicate_2.pt', 'replicate_3.pt']
[12:19:42]   still waiting on 4: ['primary.pt', 'replicate_1.pt', 'replicate_2.pt', 'replicate_3.pt']
[12:20:42]   still waiting on 4: ['primary.pt', 'replicate_1.pt', 'replicate_2.pt', 'replicate_3.pt']
[12:21:42]   still waiting on 4: ['primary.pt', 'replicate_1.pt', 'replicate_2.pt', 'replicate_3.pt']
[12:22:42]   still waiting on 4: ['primary.pt', 'replicate_1.pt', 'replicate_2.pt', 'replicate_3.pt']
[12:23:42]   still waiting on 4: ['primary.pt', 'replicate_1.pt', 'replicate_2.pt', 'replicate_3.pt']
[12:24:42]   still waiting on 4: ['primary.pt', 'replicate_1.pt', 'replicate_2.pt', 'replicate_3.pt']
[12:25:42]   still waiting on 4: ['primary.pt', 'replicate_1.pt', 'replicate_2.pt', 'replicate_3.pt']
[12:26:42]   still waiting on 4: ['primary.pt', 'replicate_1.pt', 'replicate_2.pt', 'replicate_3.pt']
[12:27:42]   still waiting on 4: ['primary.pt', 'replicate_1.pt', 'replicate_2.pt', 'replicate_3.pt']
[12:28:42]   still waiting on 4: ['primary.pt', 'replicate_1.pt', 'replicate_2.pt', 'replicate_3.pt']
[12:29:42]   still waiting on 4: ['primary.pt', 'replicate_1.pt', 'replicate_2.pt', 'replicate_3.pt']
[12:30:42]   still waiting on 4: ['primary.pt', 'replicate_1.pt', 'replicate_2.pt', 'replicate_3.pt']
[12:31:42]   still waiting on 4: ['primary.pt', 'replicate_1.pt', 'replicate_2.pt', 'replicate_3.pt']
[12:32:42]   still waiting on 4: ['primary.pt', 'replicate_1.pt', 'replicate_2.pt', 'replicate_3.pt']
[12:33:42]   still waiting on 4: ['primary.pt', 'replicate_1.pt', 'replicate_2.pt', 'replicate_3.pt']
[12:34:42]   still waiting on 4: ['primary.pt', 'replicate_1.pt', 'replicate_2.pt', 'replicate_3.pt']
[12:35:42]   still waiting on 4: ['primary.pt', 'replicate_1.pt', 'replicate_2.pt', 'replicate_3.pt']
[12:36:42]   still waiting on 4: ['primary.pt', 'replicate_1.pt', 'replicate_2.pt', 'replicate_3.pt']
[12:37:42]   still waiting on 4: ['primary.pt', 'replicate_1.pt', 'replicate_2.pt', 'replicate_3.pt']
[12:38:42]   still waiting on 4: ['primary.pt', 'replicate_1.pt', 'replicate_2.pt', 'replicate_3.pt']
[12:39:42]   still waiting on 4: ['primary.pt', 'replicate_1.pt', 'replicate_2.pt', 'replicate_3.pt']
[12:40:42]   still waiting on 4: ['primary.pt', 'replicate_1.pt', 'replicate_2.pt', 'replicate_3.pt']
[12:41:42]   still waiting on 4: ['primary.pt', 'replicate_1.pt', 'replicate_2.pt', 'replicate_3.pt']
[12:42:42]   still waiting on 4: ['primary.pt', 'replicate_1.pt', 'replicate_2.pt', 'replicate_3.pt']
[12:43:42]   still waiting on 4: ['primary.pt', 'replicate_1.pt', 'replicate_2.pt', 'replicate_3.pt']
[12:44:42]   still waiting on 4: ['primary.pt', 'replicate_1.pt', 'replicate_2.pt', 'replicate_3.pt']
[12:45:42]   still waiting on 4: ['primary.pt', 'replicate_1.pt', 'replicate_2.pt', 'replicate_3.pt']
[12:46:42]   still waiting on 4: ['primary.pt', 'replicate_1.pt', 'replicate_2.pt', 'replicate_3.pt']
[12:47:42]   still waiting on 4: ['primary.pt', 'replicate_1.pt', 'replicate_2.pt', 'replicate_3.pt']
[12:48:42]   still waiting on 4: ['primary.pt', 'replicate_1.pt', 'replicate_2.pt', 'replicate_3.pt']
[12:49:42]   still waiting on 4: ['primary.pt', 'replicate_1.pt', 'replicate_2.pt', 'replicate_3.pt']
[12:50:42]   still waiting on 4: ['primary.pt', 'replicate_1.pt', 'replicate_2.pt', 'replicate_3.pt']
[12:51:42]   still waiting on 4: ['primary.pt', 'replicate_1.pt', 'replicate_2.pt', 'replicate_3.pt']
[12:52:42]   still waiting on 4: ['primary.pt', 'replicate_1.pt', 'replicate_2.pt', 'replicate_3.pt']
[12:53:42]   still waiting on 4: ['primary.pt', 'replicate_1.pt', 'replicate_2.pt', 'replicate_3.pt']
[12:54:42]   still waiting on 4: ['primary.pt', 'replicate_1.pt', 'replicate_2.pt', 'replicate_3.pt']
[12:55:42]   still waiting on 4: ['primary.pt', 'replicate_1.pt', 'replicate_2.pt', 'replicate_3.pt']
[12:56:42]   still waiting on 4: ['primary.pt', 'replicate_1.pt', 'replicate_2.pt', 'replicate_3.pt']
[12:57:42]   still waiting on 4: ['primary.pt', 'replicate_1.pt', 'replicate_2.pt', 'replicate_3.pt']
[12:58:42]   still waiting on 4: ['primary.pt', 'replicate_1.pt', 'replicate_2.pt', 'replicate_3.pt']
[12:59:42]   still waiting on 4: ['primary.pt', 'replicate_1.pt', 'replicate_2.pt', 'replicate_3.pt']
[13:00:42]   still waiting on 4: ['primary.pt', 'replicate_1.pt', 'replicate_2.pt', 'replicate_3.pt']
[13:01:42]   still waiting on 4: ['primary.pt', 'replicate_1.pt', 'replicate_2.pt', 'replicate_3.pt']
[13:02:42]   still waiting on 4: ['primary.pt', 'replicate_1.pt', 'replicate_2.pt', 'replicate_3.pt']
[13:03:42]   still waiting on 4: ['primary.pt', 'replicate_1.pt', 'replicate_2.pt', 'replicate_3.pt']
[13:04:42]   still waiting on 4: ['primary.pt', 'replicate_1.pt', 'replicate_2.pt', 'replicate_3.pt']
[13:05:42]   still waiting on 4: ['primary.pt', 'replicate_1.pt', 'replicate_2.pt', 'replicate_3.pt']
[13:06:42]   still waiting on 4: ['primary.pt', 'replicate_1.pt', 'replicate_2.pt', 'replicate_3.pt']
[13:07:42]   still waiting on 4: ['primary.pt', 'replicate_1.pt', 'replicate_2.pt', 'replicate_3.pt']
[13:08:42]   still waiting on 4: ['primary.pt', 'replicate_1.pt', 'replicate_2.pt', 'replicate_3.pt']
[13:09:42]   still waiting on 4: ['primary.pt', 'replicate_1.pt', 'replicate_2.pt', 'replicate_3.pt']
[13:10:42]   still waiting on 4: ['primary.pt', 'replicate_1.pt', 'replicate_2.pt', 'replicate_3.pt']
[13:11:42]   still waiting on 4: ['primary.pt', 'replicate_1.pt', 'replicate_2.pt', 'replicate_3.pt']
[13:12:42]   still waiting on 4: ['primary.pt', 'replicate_1.pt', 'replicate_2.pt', 'replicate_3.pt']
[13:13:42]   still waiting on 4: ['primary.pt', 'replicate_1.pt', 'replicate_2.pt', 'replicate_3.pt']
[13:14:42]   still waiting on 4: ['primary.pt', 'replicate_1.pt', 'replicate_2.pt', 'replicate_3.pt']
[13:15:42]   still waiting on 4: ['primary.pt', 'replicate_1.pt', 'replicate_2.pt', 'replicate_3.pt']
[13:16:42]   still waiting on 4: ['primary.pt', 'replicate_1.pt', 'replicate_2.pt', 'replicate_3.pt']
[13:17:42]   still waiting on 4: ['primary.pt', 'replicate_1.pt', 'replicate_2.pt', 'replicate_3.pt']
[13:18:42]   still waiting on 4: ['primary.pt', 'replicate_1.pt', 'replicate_2.pt', 'replicate_3.pt']
[13:19:42]   still waiting on 4: ['primary.pt', 'replicate_1.pt', 'replicate_2.pt', 'replicate_3.pt']
[13:20:42]   still waiting on 3: ['replicate_1.pt', 'replicate_2.pt', 'replicate_3.pt']
[13:21:42]   still waiting on 3: ['replicate_1.pt', 'replicate_2.pt', 'replicate_3.pt']
[13:22:42]   still waiting on 3: ['replicate_1.pt', 'replicate_2.pt', 'replicate_3.pt']
[13:23:42]   still waiting on 3: ['replicate_1.pt', 'replicate_2.pt', 'replicate_3.pt']
[13:24:42]   still waiting on 3: ['replicate_1.pt', 'replicate_2.pt', 'replicate_3.pt']
[13:25:42]   still waiting on 3: ['replicate_1.pt', 'replicate_2.pt', 'replicate_3.pt']
[13:26:42]   still waiting on 3: ['replicate_1.pt', 'replicate_2.pt', 'replicate_3.pt']
[13:27:42]   still waiting on 3: ['replicate_1.pt', 'replicate_2.pt', 'replicate_3.pt']
[13:28:42]   still waiting on 3: ['replicate_1.pt', 'replicate_2.pt', 'replicate_3.pt']
[13:29:42]   still waiting on 3: ['replicate_1.pt', 'replicate_2.pt', 'replicate_3.pt']
[13:30:42]   still waiting on 3: ['replicate_1.pt', 'replicate_2.pt', 'replicate_3.pt']
[13:31:42]   still waiting on 3: ['replicate_1.pt', 'replicate_2.pt', 'replicate_3.pt']
[13:32:42]   still waiting on 3: ['replicate_1.pt', 'replicate_2.pt', 'replicate_3.pt']
[13:33:42]   still waiting on 3: ['replicate_1.pt', 'replicate_2.pt', 'replicate_3.pt']
[13:34:42]   still waiting on 3: ['replicate_1.pt', 'replicate_2.pt', 'replicate_3.pt']
[13:35:42]   still waiting on 3: ['replicate_1.pt', 'replicate_2.pt', 'replicate_3.pt']
[13:36:42]   still waiting on 3: ['replicate_1.pt', 'replicate_2.pt', 'replicate_3.pt']
[13:37:42]   still waiting on 3: ['replicate_1.pt', 'replicate_2.pt', 'replicate_3.pt']
[13:38:42]   still waiting on 3: ['replicate_1.pt', 'replicate_2.pt', 'replicate_3.pt']
[13:39:42]   still waiting on 3: ['replicate_1.pt', 'replicate_2.pt', 'replicate_3.pt']
[13:40:42]   still waiting on 3: ['replicate_1.pt', 'replicate_2.pt', 'replicate_3.pt']
[13:41:42]   still waiting on 3: ['replicate_1.pt', 'replicate_2.pt', 'replicate_3.pt']
[13:42:42]   still waiting on 3: ['replicate_1.pt', 'replicate_2.pt', 'replicate_3.pt']
[13:43:42]   still waiting on 3: ['replicate_1.pt', 'replicate_2.pt', 'replicate_3.pt']
[13:44:42]   still waiting on 3: ['replicate_1.pt', 'replicate_2.pt', 'replicate_3.pt']
[13:45:42]   still waiting on 3: ['replicate_1.pt', 'replicate_2.pt', 'replicate_3.pt']
[13:46:42]   still waiting on 3: ['replicate_1.pt', 'replicate_2.pt', 'replicate_3.pt']
[13:47:42]   still waiting on 3: ['replicate_1.pt', 'replicate_2.pt', 'replicate_3.pt']
[13:48:42]   still waiting on 3: ['replicate_1.pt', 'replicate_2.pt', 'replicate_3.pt']
[13:49:42]   still waiting on 3: ['replicate_1.pt', 'replicate_2.pt', 'replicate_3.pt']
[13:50:42]   still waiting on 3: ['replicate_1.pt', 'replicate_2.pt', 'replicate_3.pt']
[13:51:42]   still waiting on 3: ['replicate_1.pt', 'replicate_2.pt', 'replicate_3.pt']
[13:52:42]   still waiting on 3: ['replicate_1.pt', 'replicate_2.pt', 'replicate_3.pt']
[13:53:42]   still waiting on 3: ['replicate_1.pt', 'replicate_2.pt', 'replicate_3.pt']
[13:54:42]   still waiting on 3: ['replicate_1.pt', 'replicate_2.pt', 'replicate_3.pt']
[13:55:42]   still waiting on 3: ['replicate_1.pt', 'replicate_2.pt', 'replicate_3.pt']
[13:56:42]   still waiting on 3: ['replicate_1.pt', 'replicate_2.pt', 'replicate_3.pt']
[13:57:42]   still waiting on 3: ['replicate_1.pt', 'replicate_2.pt', 'replicate_3.pt']
[13:58:42]   still waiting on 3: ['replicate_1.pt', 'replicate_2.pt', 'replicate_3.pt']
[13:59:42]   still waiting on 3: ['replicate_1.pt', 'replicate_2.pt', 'replicate_3.pt']
[14:00:42]   still waiting on 3: ['replicate_1.pt', 'replicate_2.pt', 'replicate_3.pt']
[14:01:42]   still waiting on 3: ['replicate_1.pt', 'replicate_2.pt', 'replicate_3.pt']
[14:02:42]   still waiting on 3: ['replicate_1.pt', 'replicate_2.pt', 'replicate_3.pt']
[14:03:42]   still waiting on 3: ['replicate_1.pt', 'replicate_2.pt', 'replicate_3.pt']
[14:04:42]   still waiting on 2: ['replicate_2.pt', 'replicate_3.pt']
[14:05:42]   still waiting on 2: ['replicate_2.pt', 'replicate_3.pt']
[14:06:42]   still waiting on 2: ['replicate_2.pt', 'replicate_3.pt']
[14:07:42]   still waiting on 2: ['replicate_2.pt', 'replicate_3.pt']
[14:08:42]   still waiting on 2: ['replicate_2.pt', 'replicate_3.pt']
[14:09:42]   still waiting on 2: ['replicate_2.pt', 'replicate_3.pt']
[14:10:42]   still waiting on 2: ['replicate_2.pt', 'replicate_3.pt']
[14:11:42]   still waiting on 2: ['replicate_2.pt', 'replicate_3.pt']
[14:12:42]   still waiting on 2: ['replicate_2.pt', 'replicate_3.pt']
[14:13:42]   still waiting on 2: ['replicate_2.pt', 'replicate_3.pt']
[14:14:42]   still waiting on 2: ['replicate_2.pt', 'replicate_3.pt']
[14:15:42]   still waiting on 2: ['replicate_2.pt', 'replicate_3.pt']
[14:16:42]   still waiting on 2: ['replicate_2.pt', 'replicate_3.pt']
[14:17:42]   still waiting on 2: ['replicate_2.pt', 'replicate_3.pt']
[14:18:42]   still waiting on 2: ['replicate_2.pt', 'replicate_3.pt']
[14:19:42]   still waiting on 2: ['replicate_2.pt', 'replicate_3.pt']
[14:20:42]   still waiting on 2: ['replicate_2.pt', 'replicate_3.pt']
[14:21:42]   still waiting on 2: ['replicate_2.pt', 'replicate_3.pt']
[14:22:42]   still waiting on 2: ['replicate_2.pt', 'replicate_3.pt']
[14:23:42]   still waiting on 2: ['replicate_2.pt', 'replicate_3.pt']
[14:24:42]   still waiting on 2: ['replicate_2.pt', 'replicate_3.pt']
[14:25:42]   still waiting on 2: ['replicate_2.pt', 'replicate_3.pt']
[14:26:42]   still waiting on 2: ['replicate_2.pt', 'replicate_3.pt']
[14:27:42]   still waiting on 2: ['replicate_2.pt', 'replicate_3.pt']
[14:28:42]   still waiting on 2: ['replicate_2.pt', 'replicate_3.pt']
[14:29:42]   still waiting on 2: ['replicate_2.pt', 'replicate_3.pt']
[14:30:42]   still waiting on 2: ['replicate_2.pt', 'replicate_3.pt']
[14:31:42]   still waiting on 2: ['replicate_2.pt', 'replicate_3.pt']
[14:32:42]   still waiting on 2: ['replicate_2.pt', 'replicate_3.pt']
[14:33:42]   still waiting on 2: ['replicate_2.pt', 'replicate_3.pt']
[14:34:42]   still waiting on 2: ['replicate_2.pt', 'replicate_3.pt']
[14:35:42]   still waiting on 2: ['replicate_2.pt', 'replicate_3.pt']
[14:36:42]   still waiting on 2: ['replicate_2.pt', 'replicate_3.pt']
[14:37:42]   still waiting on 2: ['replicate_2.pt', 'replicate_3.pt']
[14:38:42]   still waiting on 2: ['replicate_2.pt', 'replicate_3.pt']
[14:39:42]   still waiting on 2: ['replicate_2.pt', 'replicate_3.pt']
[14:40:42]   still waiting on 2: ['replicate_2.pt', 'replicate_3.pt']
[14:41:42]   still waiting on 2: ['replicate_2.pt', 'replicate_3.pt']
[14:42:42]   still waiting on 2: ['replicate_2.pt', 'replicate_3.pt']
[14:43:42]   still waiting on 2: ['replicate_2.pt', 'replicate_3.pt']
[14:44:42]   still waiting on 2: ['replicate_2.pt', 'replicate_3.pt']
[14:45:42]   still waiting on 2: ['replicate_2.pt', 'replicate_3.pt']
[14:46:42]   still waiting on 2: ['replicate_2.pt', 'replicate_3.pt']
[14:47:42]   still waiting on 2: ['replicate_2.pt', 'replicate_3.pt']
[14:48:42]   still waiting on 1: ['replicate_3.pt']
[14:49:42]   still waiting on 1: ['replicate_3.pt']
[14:50:42]   still waiting on 1: ['replicate_3.pt']
[14:51:42]   still waiting on 1: ['replicate_3.pt']
[14:52:42]   still waiting on 1: ['replicate_3.pt']
[14:53:42]   still waiting on 1: ['replicate_3.pt']
[14:54:42]   still waiting on 1: ['replicate_3.pt']
[14:55:42]   still waiting on 1: ['replicate_3.pt']
[14:56:42]   still waiting on 1: ['replicate_3.pt']
[14:57:42]   still waiting on 1: ['replicate_3.pt']
[14:58:42]   still waiting on 1: ['replicate_3.pt']
[14:59:42]   still waiting on 1: ['replicate_3.pt']
[15:00:42]   still waiting on 1: ['replicate_3.pt']
[15:01:42]   still waiting on 1: ['replicate_3.pt']
[15:02:42]   still waiting on 1: ['replicate_3.pt']
[15:03:42]   still waiting on 1: ['replicate_3.pt']
[15:04:42]   still waiting on 1: ['replicate_3.pt']
[15:05:42]   still waiting on 1: ['replicate_3.pt']
[15:06:42]   still waiting on 1: ['replicate_3.pt']
[15:07:42]   still waiting on 1: ['replicate_3.pt']
[15:08:42]   still waiting on 1: ['replicate_3.pt']
[15:09:42]   still waiting on 1: ['replicate_3.pt']
[15:10:42]   still waiting on 1: ['replicate_3.pt']
[15:11:42]   still waiting on 1: ['replicate_3.pt']
[15:12:42]   still waiting on 1: ['replicate_3.pt']
[15:13:42]   still waiting on 1: ['replicate_3.pt']
[15:14:42]   still waiting on 1: ['replicate_3.pt']
[15:15:42]   still waiting on 1: ['replicate_3.pt']
[15:16:42]   still waiting on 1: ['replicate_3.pt']
[15:17:42]   still waiting on 1: ['replicate_3.pt']
[15:18:42]   still waiting on 1: ['replicate_3.pt']
[15:19:42]   still waiting on 1: ['replicate_3.pt']
[15:20:42]   still waiting on 1: ['replicate_3.pt']
[15:21:42]   still waiting on 1: ['replicate_3.pt']
[15:22:42]   still waiting on 1: ['replicate_3.pt']
[15:23:42]   still waiting on 1: ['replicate_3.pt']
[15:24:42]   still waiting on 1: ['replicate_3.pt']
[15:25:42]   still waiting on 1: ['replicate_3.pt']
[15:26:42]   still waiting on 1: ['replicate_3.pt']
[15:27:42]   still waiting on 1: ['replicate_3.pt']
[15:28:42]   still waiting on 1: ['replicate_3.pt']
[15:29:42]   still waiting on 1: ['replicate_3.pt']
[15:30:42]   still waiting on 1: ['replicate_3.pt']
[15:31:42]   still waiting on 1: ['replicate_3.pt']
[15:32:42]   still waiting on 1: ['replicate_3.pt']
[15:33:42] All expected checkpoints found.
[15:33:42] === START: extra_seeds ===  (C:\Users\HomePC\AppData\Local\Programs\Python\Python312\python.exe -u session_extra_seeds.py)
[21:03:52] === END: extra_seeds  OK  (19810s)  -> C:\Users\HomePC\Documents\resarch - Copy\resarch - Copy\fedgb\stage2_step_extra_seeds.log ===
[21:03:52] === START: batch_id_diagnostic ===  (C:\Users\HomePC\AppData\Local\Programs\Python\Python312\python.exe -u batch_id_shortcut_diagnostic.py)
[21:08:12] === END: batch_id_diagnostic  OK  (261s)  -> C:\Users\HomePC\Documents\resarch - Copy\resarch - Copy\fedgb\stage2_step_batch_id_diagnostic.log ===
[21:08:12] === START: classification_figures ===  (C:\Users\HomePC\AppData\Local\Programs\Python\Python312\python.exe -u generate_uidatagb_figures.py)
[21:09:53] === END: classification_figures  FAILED (exit 1)  (101s)  -> C:\Users\HomePC\Documents\resarch - Copy\resarch - Copy\fedgb\stage2_step_classification_figures.log ===
[21:09:53] === START: failure_cases ===  (C:\Users\HomePC\AppData\Local\Programs\Python\Python312\python.exe -u analyze_failure_cases_uidatagb.py)
[21:11:27] === END: failure_cases  FAILED (exit 1)  (94s)  -> C:\Users\HomePC\Documents\resarch - Copy\resarch - Copy\fedgb\stage2_step_failure_cases.log ===
[21:11:27] === START: compute_consistency ===  (C:\Users\HomePC\AppData\Local\Programs\Python\Python312\python.exe -u compute_consistency.py)
[21:17:43] === END: compute_consistency  OK  (376s)  -> C:\Users\HomePC\Documents\resarch - Copy\resarch - Copy\fedgb\stage2_step_compute_consistency.log ===
[21:17:43] === START: compute_faithfulness ===  (C:\Users\HomePC\AppData\Local\Programs\Python\Python312\python.exe -u compute_faithfulness.py)
[21:26:13] === END: compute_faithfulness  OK  (510s)  -> C:\Users\HomePC\Documents\resarch - Copy\resarch - Copy\fedgb\stage2_step_compute_faithfulness.log ===
[21:26:13] === START: compute_stability ===  (C:\Users\HomePC\AppData\Local\Programs\Python\Python312\python.exe -u compute_stability.py)
[21:35:08] === END: compute_stability  OK  (534s)  -> C:\Users\HomePC\Documents\resarch - Copy\resarch - Copy\fedgb\stage2_step_compute_stability.log ===
[21:35:08] === START: sanity_checks ===  (C:\Users\HomePC\AppData\Local\Programs\Python\Python312\python.exe -u sanity_checks.py)
[21:41:11] === END: sanity_checks  OK  (364s)  -> C:\Users\HomePC\Documents\resarch - Copy\resarch - Copy\fedgb\stage2_step_sanity_checks.log ===
[21:41:11] === START: compute_calibration ===  (C:\Users\HomePC\AppData\Local\Programs\Python\Python312\python.exe -u compute_calibration.py)
[21:44:14] === END: compute_calibration  OK  (183s)  -> C:\Users\HomePC\Documents\resarch - Copy\resarch - Copy\fedgb\stage2_step_compute_calibration.log ===
[21:44:14] === START: shortcut_audit ===  (C:\Users\HomePC\AppData\Local\Programs\Python\Python312\python.exe -u shortcut_audit.py)
[21:50:42] === END: shortcut_audit  OK  (388s)  -> C:\Users\HomePC\Documents\resarch - Copy\resarch - Copy\fedgb\stage2_step_shortcut_audit.log ===
[21:50:42] === PIPELINE COMPLETE ===
[21:50:42] Step results: {
  "extra_seeds": true,
  "batch_id_diagnostic": true,
  "classification_figures": false,
  "failure_cases": false,
  "compute_consistency": true,
  "compute_faithfulness": true,
  "compute_stability": true,
  "sanity_checks": true,
  "compute_calibration": true,
  "shortcut_audit": true
}
[21:50:42] WARNING: 2 step(s) failed: ['classification_figures', 'failure_cases']. Check the corresponding stage2_step_<name>.log files.
