[session-check] total images (current pHash-corrected split): 10692
[session-check] unmatched filenames (no session key): 0
[session-check] total session groups: 220
[session-check] sessions still crossing train/val after pHash correction: 209/220
[session-check] images belonging to a cross-split session: 10342/10692 (96.7%)
[session-check] sessions spanning >1 class label: 0

[session-check] new session-level split: train=7708 val=2984 (72.1% / 27.9%)
[session-check] wrote ./outputs/phase0/session_leakage_check_report.json (42s elapsed)

[session-check] training ResNet-50 on session-corrected split (Adam, lr=1e-4, wd=1e-4, batch=32, 10 epochs, seed=42)...
[Dataset] Loaded 7708 images from ./data/uidatagb_sessioncorrected\training
[Dataset] Loaded 2984 images from ./data/uidatagb_sessioncorrected\validation
[session-check] epoch 1/10  loss=1.0626  (906s elapsed)
[session-check] epoch 2/10  loss=0.2055  (1800s elapsed)
[session-check] epoch 3/10  loss=0.0989  (2646s elapsed)
[session-check] epoch 4/10  loss=0.0702  (3424s elapsed)
[session-check] epoch 5/10  loss=0.0587  (4253s elapsed)
[session-check] epoch 6/10  loss=0.0844  (5097s elapsed)
[session-check] epoch 7/10  loss=0.0344  (5916s elapsed)
[session-check] epoch 8/10  loss=0.0258  (6716s elapsed)
[session-check] epoch 9/10  loss=0.0363  (7147s elapsed)
[session-check] epoch 10/10  loss=0.0573  (7576s elapsed)

[session-check] === RESULTS ON SESSION-CORRECTED SPLIT ===
  accuracy   = 0.2959
  macro-F1   = 0.2853
  macro-AUC  = 0.7016

  For comparison, paper's reported figures:
    original contaminated split : accuracy 0.9878
    pHash-corrected split        : accuracy 0.9305, F1 0.9303, AUC 0.9965

[session-check] updated report written. Total time: 7672s
