C:\Users\HomePC\Documents\resarch - Copy\resarch - Copy\fedgb\generate_uidatagb_figures.py:41: FutureWarning: You are using `torch.load` with `weights_only=False` (the current default value), which uses the default pickle module implicitly. It is possible to construct malicious pickle data which will execute arbitrary code during unpickling (See https://github.com/pytorch/pytorch/blob/main/SECURITY.md#untrusted-models for more details). In a future release, the default value for `weights_only` will be flipped to `True`. This limits the functions that could be executed during unpickling. Arbitrary objects will no longer be allowed to be loaded via this mode unless they are explicitly allowlisted by the user via `torch.serialization.add_safe_globals`. We recommend you start setting `weights_only=True` for any use case where you don't have full control of the loaded file. Please open an issue on GitHub for any issues related to this experimental feature.
  model.load_state_dict(torch.load(CKPT, map_location=DEVICE))
[Dataset] Loaded 2984 images from C:\Users\HomePC\Documents\resarch - Copy\resarch - Copy\fedgb\data\uidatagb_sessioncorrected\validation
[figs] loaded 2984 validation images
[figs] accuracy=0.3100 f1=0.2944 auc=0.7351
Traceback (most recent call last):
  File "C:\Users\HomePC\Documents\resarch - Copy\resarch - Copy\fedgb\generate_uidatagb_figures.py", line 201, in <module>
    main()
  File "C:\Users\HomePC\Documents\resarch - Copy\resarch - Copy\fedgb\generate_uidatagb_figures.py", line 74, in main
    plt.savefig(os.path.join(OUTPUT_DIR, "confusion_normalized.png"), dpi=180, bbox_inches="tight")
  File "C:\Users\HomePC\AppData\Local\Programs\Python\Python312\Lib\site-packages\matplotlib\pyplot.py", line 1346, in savefig
    res = fig.savefig(fname, **kwargs)  # type: ignore[func-returns-value]
          ^^^^^^^^^^^^^^^^^^^^^^^^^^^^
  File "C:\Users\HomePC\AppData\Local\Programs\Python\Python312\Lib\site-packages\matplotlib\figure.py", line 3515, in savefig
    self.canvas.print_figure(fname, **kwargs)
  File "C:\Users\HomePC\AppData\Local\Programs\Python\Python312\Lib\site-packages\matplotlib\backend_bases.py", line 2281, in print_figure
    result = print_method(
             ^^^^^^^^^^^^^
  File "C:\Users\HomePC\AppData\Local\Programs\Python\Python312\Lib\site-packages\matplotlib\backend_bases.py", line 2138, in <lambda>
    print_method = functools.wraps(meth)(lambda *args, **kwargs: meth(
                                                                 ^^^^^
  File "C:\Users\HomePC\AppData\Local\Programs\Python\Python312\Lib\site-packages\matplotlib\backends\backend_agg.py", line 537, in print_png
    self._print_pil(filename_or_obj, "png", pil_kwargs, metadata)
  File "C:\Users\HomePC\AppData\Local\Programs\Python\Python312\Lib\site-packages\matplotlib\backends\backend_agg.py", line 486, in _print_pil
    mpl.image.imsave(
  File "C:\Users\HomePC\AppData\Local\Programs\Python\Python312\Lib\site-packages\matplotlib\image.py", line 1722, in imsave
    image.save(fname, **pil_kwargs)
  File "C:\Users\HomePC\AppData\Local\Programs\Python\Python312\Lib\site-packages\PIL\Image.py", line 2708, in save
    fp = builtins.open(filename, "w+b")
         ^^^^^^^^^^^^^^^^^^^^^^^^^^^^^^
FileNotFoundError: [Errno 2] No such file or directory: 'C:\\Users\\HomePC\\Documents\\resarch - Copy\\resarch - Copy\\fedgb\\outputs\\session_corrected\\figures\\confusion_normalized.png'
